  𝙭 duplicate-case: Switch statement has duplicate cases
   ╭─[duplicate-case.zig:3:10]
 2 │   const x = switch (1) {
 3 │     1 => 1,
   ·          ─
 4 │     else => 1,
   ·             ─
   ╰────

  𝙭 duplicate-case: Switch statement has duplicate cases
   ╭─[duplicate-case.zig:3:10]
 2 │   const x = switch (1) {
 3 │     1 => y + 1,
   ·          ─────
 4 │     else => 1 + y,
   ·             ─────
   ╰────

  𝙭 duplicate-case: Switch statement has duplicate cases
   ╭─[duplicate-case.zig:3:10]
 2 │   const x = switch (y) {
 3 │     1 => 1 * y + 1,
   ·          ─────────
 4 │     else => 1 + y * 1,
   ·             ─────────
   ╰────

  𝙭 duplicate-case: Switch statement has duplicate cases
   ╭─[duplicate-case.zig:3:10]
 2 │   const x = switch (1) {
 3 │     1 => y == 1,
   ·          ──────
 4 │     else => 1 == y,
   ·             ──────
   ╰────

  𝙭 duplicate-case: Switch statement has duplicate cases
   ╭─[duplicate-case.zig:3:10]
 2 │   const x = switch (1) {
 3 │     1 => ~y,
   ·          ──
 4 │     else => ~y,
   ·             ──
   ╰────

  𝙭 duplicate-case: Switch statement has duplicate cases
   ╭─[duplicate-case.zig:5:10]
 4 │   const x = switch (bar) {
 5 │     1 => f(bar),
   ·          ──────
 6 │     2 => f(bar),
   ·          ──────
   ╰────

  𝙭 duplicate-case: Switch statement has duplicate cases
   ╭─[duplicate-case.zig:4:10]
 3 │   const x = switch (bar) {
 4 │     1 => thing.f(bar),
   ·          ────────────
 5 │     2 => thing.f(bar),
   ·          ────────────
   ╰────

  𝙭 duplicate-case: Switch statement has duplicate cases
   ╭─[duplicate-case.zig:3:10]
 2 │   const x = switch (bar) {
 3 │     1 => if (cond) 1 else 2,
   ·          ──────────────────
 4 │     2 => if (cond) 1 else 2,
   ·          ──────────────────
   ╰────

  𝙭 duplicate-case: Switch statement has duplicate cases
   ╭─[duplicate-case.zig:3:10]
 2 │   const x = switch (bar) {
 3 │     1 => { return 1; },
   ·          ─────────────
 4 │     2 => { return 1; },
   ·          ─────────────
   ╰────

  𝙭 duplicate-case: Switch statement has duplicate cases
    ╭─[duplicate-case.zig:3:10]
 2  │   const x = switch (bar) {
 3  │ ╭─▶     1 => {
 4  │ │         if (cond) {
 5  │ │           const y = x + 2;
 6  │ │           return y;
 7  │ │         }
 8  │ │         return 0;
 9  │ ╰─▶     },
 10 │ ╭─▶     2 => {
 11 │ │         if (cond) {
 12 │ │           const y = x + 2;
 13 │ │           return y;
 14 │ │         }
 15 │ │         return 0;
 16 │ ╰─▶     },
 17 │     else => 0
    ╰────

  𝙭 duplicate-case: Switch statement has duplicate cases
   ╭─[duplicate-case.zig:3:10]
 2 │   return switch (key) {
 3 │     1 => !(first < second),
   ·          ─────────────────
 4 │     2 => !(first < second),
   ·          ─────────────────
   ╰────

  𝙭 duplicate-case: Switch statement has duplicate cases
   ╭─[duplicate-case.zig:3:10]
 2 │   return switch (key) {
 3 │     1 => identity(value),
   ·          ───────────────
 4 │     2 => identity(value,),
   ·          ────────────────
   ╰────

  𝙭 duplicate-case: Switch statement has duplicate cases
   ╭─[duplicate-case.zig:3:10]
 2 │   return switch (key) {
 3 │     1 => @max(value, 1),
   ·          ──────────────
 4 │     2 => @max(value, 1,),
   ·          ───────────────
   ╰────

  𝙭 duplicate-case: Switch statement has duplicate cases
   ╭─[duplicate-case.zig:3:10]
 2 │   return switch (key) {
 3 │     1 => [_]u8{ 1, 2 },
   ·          ─────────────
 4 │     2 => [_]u8{ 1, 2, },
   ·          ──────────────
   ╰────

  𝙭 duplicate-case: Switch statement has duplicate cases
   ╭─[duplicate-case.zig:3:10]
 2 │   return switch (key) {
 3 │     1 => values[1..],
   ·          ───────────
 4 │     2 => values[1..],
   ·          ───────────
   ╰────

  𝙭 duplicate-case: Switch statement has duplicate cases
   ╭─[duplicate-case.zig:4:23]
 3 │     1, 2, 3, 4, 5,
 4 │     6, 7, 8, 9, 10 => 0,
   ·                       ─
 5 │     11 => 0,
   ·           ─
   ╰────

  𝙭 duplicate-case: Switch statement has duplicate cases
    ╭─[duplicate-case.zig:4:16]
 3  │     1, 2, 3,
 4  │ ╭─▶     4, 5, 6 => {
 5  │ │         const value = tag + 1;
 6  │ │         return value;
 7  │ ╰─▶     },
 8  │ ╭─▶     7 => {
 9  │ │         const value = tag + 1;
 10 │ │         return value;
 11 │ ╰─▶     },
 12 │     else => 0,
    ╰────

