  𝙭 no-public-anytype: Public function 'foo' takes an `anytype` parameter
   ╭─[no-public-anytype.zig:1:15]
 1 │ pub fn foo(x: anytype) void {}
   ·               ───┬───
   ·                  ╰── this parameter has no type in the signature
   ╰────
  help: Take a `comptime T: type` and a parameter of type `T`, or name a concrete type. Callers outside this module cannot see the body to find out what is accepted.

  𝙭 no-public-anytype: Public function 'foo' takes an `anytype` parameter
   ╭─[no-public-anytype.zig:1:24]
 1 │ pub fn foo(comptime x: anytype) void {}
   ·                        ───┬───
   ·                           ╰── this parameter has no type in the signature
   ╰────
  help: Take a `comptime T: type` and a parameter of type `T`, or name a concrete type. Callers outside this module cannot see the body to find out what is accepted.

  𝙭 no-public-anytype: Public function 'add' takes an `anytype` parameter
   ╭─[no-public-anytype.zig:1:15]
 1 │ pub fn add(a: anytype, b: anytype) @TypeOf(a, b) { return a + b; }
   ·               ───┬───
   ·                  ╰── this parameter has no type in the signature
   ╰────
  help: Take a `comptime T: type` and a parameter of type `T`, or name a concrete type. Callers outside this module cannot see the body to find out what is accepted.

  𝙭 no-public-anytype: Public function 'add' takes an `anytype` parameter
   ╭─[no-public-anytype.zig:1:27]
 1 │ pub fn add(a: anytype, b: anytype) @TypeOf(a, b) { return a + b; }
   ·                           ───┬───
   ·                              ╰── this parameter has no type in the signature
   ╰────
  help: Take a `comptime T: type` and a parameter of type `T`, or name a concrete type. Callers outside this module cannot see the body to find out what is accepted.

  𝙭 no-public-anytype: Public function 'foo' takes an `anytype` parameter
   ╭─[no-public-anytype.zig:1:37]
 1 │ pub fn foo(name: []const u8, value: anytype) void {}
   ·                                     ───┬───
   ·                                        ╰── this parameter has no type in the signature
   ╰────
  help: Take a `comptime T: type` and a parameter of type `T`, or name a concrete type. Callers outside this module cannot see the body to find out what is accepted.

  𝙭 no-public-anytype: Public function 'put' takes an `anytype` parameter
   ╭─[no-public-anytype.zig:2:35]
 1 │ pub const Store = struct {
 2 │   pub fn put(self: *Store, value: anytype) void {}
   ·                                   ───┬───
   ·                                      ╰── this parameter has no type in the signature
 3 │ };
   ╰────
  help: Take a `comptime T: type` and a parameter of type `T`, or name a concrete type. Callers outside this module cannot see the body to find out what is accepted.

  𝙭 no-public-anytype: Public function 'push' takes an `anytype` parameter
   ╭─[no-public-anytype.zig:3:40]
 2 │   return struct {
 3 │     pub fn push(self: *@This(), value: anytype) void {}
   ·                                        ───┬───
   ·                                           ╰── this parameter has no type in the signature
 4 │   };
   ╰────
  help: Take a `comptime T: type` and a parameter of type `T`, or name a concrete type. Callers outside this module cannot see the body to find out what is accepted.

  𝙭 no-public-anytype: Public function 'formatValue' takes an `anytype` parameter
   ╭─[no-public-anytype.zig:2:41]
 1 │ pub const Foo = struct {
 2 │   pub fn formatValue(self: Foo, writer: anytype) !void {}
   ·                                         ───┬───
   ·                                            ╰── this parameter has no type in the signature
 3 │ };
   ╰────
  help: Take a `comptime T: type` and a parameter of type `T`, or name a concrete type. Callers outside this module cannot see the body to find out what is accepted.

  𝙭 no-public-anytype: Public function 'foo' takes an `anytype` parameter
   ╭─[no-public-anytype.zig:1:18]
 1 │ export fn foo(x: anytype) void {}
   ·                  ───┬───
   ·                     ╰── this parameter has no type in the signature
   ╰────
  help: Take a `comptime T: type` and a parameter of type `T`, or name a concrete type. Callers outside this module cannot see the body to find out what is accepted.

