  𝙭 no-unresolved: Unresolved import to 'does-not-exist.zig'
   ╭─[src/no-unresolved.zig:1:19]
 1 │ const x = @import("does-not-exist.zig");
   ·                   ──────────┬──────────
   ·                             ╰── file 'does-not-exist.zig' does not exist
   ╰────

  𝙭 no-unresolved: Unresolved import to directory './io'
   ╭─[src/no-unresolved.zig:1:19]
 1 │ const x = @import("./io");
   ·                   ───┬───
   ·                      ╰── './io' is a folder
   ╰────

